// 同步 ID: 7abab925 @ Wed Jul 15 13:00:02 UTC 2026
// 同步 ID: 7a82232e @ Thu Jul 16 06:35:38 UTC 2026
// 同步 ID: d37c5b68 @ Thu Jul 16 17:13:46 UTC 2026
// 重构日志: b2fc1e8f
// 重构日志: b5915c15
// 重构日志: 34210fd4
// 同步 ID: 523c6055 @ Sat Jul 18 15:11:10 UTC 2026
// 重构日志: 2957ab0b
// 重构日志: fd6cc250
// 重构日志: 81adb21b
// 重构日志: 5676273e
// 重构日志: 6ca82fa7
// 重构日志: d6409789
// 重构日志: 537be3f8
// 重构日志: 59150058
// 重构日志: 3cab3e4a
// 重构日志: b5eea3c1
// 重构日志: 664dca13
// 重构日志: 6d38deaf
// 同步 ID: 5c99d9f2 @ Thu Jul 30 01:11:38 UTC 2026
// 重构日志: 77b76292
// 重构日志: 4f0c2471
// 重构日志: eac6b596
// 同步 ID: 5010d547 @ Sat Aug  1 08:11:30 UTC 2026
// 同步 ID: b4cbf21c @ Tue Aug  4 08:46:58 UTC 2026
// 重构日志: c8741c26
// 重构日志: 01e226ea
// 重构日志: 7dd6786c
// 重构日志: a0a11185
// 同步 ID: 7f008650 @ Fri Aug  7 11:47:16 UTC 2026
